Archive member included to satisfy reference by file (symbol)

/home/ritik/st/stm32cubeide_1.14.0/plugins/com.st.stm32cube.ide.mcu.externaltools.gnu-tools-for-stm32.11.3.rel1.linux64_1.1.100.202309141235/tools/bin/../lib/gcc/arm-none-eabi/11.3.1/../../../../arm-none-eabi/lib/thumb/v7e-m+fp/hard/libc_nano.a(libc_a-exit.o)
                              /home/ritik/st/stm32cubeide_1.14.0/plugins/com.st.stm32cube.ide.mcu.externaltools.gnu-tools-for-stm32.11.3.rel1.linux64_1.1.100.202309141235/tools/bin/../lib/gcc/arm-none-eabi/11.3.1/../../../../arm-none-eabi/lib/thumb/v7e-m+fp/hard/crt0.o (exit)
/home/ritik/st/stm32cubeide_1.14.0/plugins/com.st.stm32cube.ide.mcu.externaltools.gnu-tools-for-stm32.11.3.rel1.linux64_1.1.100.202309141235/tools/bin/../lib/gcc/arm-none-eabi/11.3.1/../../../../arm-none-eabi/lib/thumb/v7e-m+fp/hard/libc_nano.a(libc_a-findfp.o)
                              /home/ritik/st/stm32cubeide_1.14.0/plugins/com.st.stm32cube.ide.mcu.externaltools.gnu-tools-for-stm32.11.3.rel1.linux64_1.1.100.202309141235/tools/bin/../lib/gcc/arm-none-eabi/11.3.1/../../../../arm-none-eabi/lib/thumb/v7e-m+fp/hard/libc_nano.a(libc_a-exit.o) (__stdio_exit_handler)
/home/ritik/st/stm32cubeide_1.14.0/plugins/com.st.stm32cube.ide.mcu.externaltools.gnu-tools-for-stm32.11.3.rel1.linux64_1.1.100.202309141235/tools/bin/../lib/gcc/arm-none-eabi/11.3.1/../../../../arm-none-eabi/lib/thumb/v7e-m+fp/hard/libc_nano.a(libc_a-fwalk.o)
                              /home/ritik/st/stm32cubeide_1.14.0/plugins/com.st.stm32cube.ide.mcu.externaltools.gnu-tools-for-stm32.11.3.rel1.linux64_1.1.100.202309141235/tools/bin/../lib/gcc/arm-none-eabi/11.3.1/../../../../arm-none-eabi/lib/thumb/v7e-m+fp/hard/libc_nano.a(libc_a-findfp.o) (_fwalk_sglue)
/home/ritik/st/stm32cubeide_1.14.0/plugins/com.st.stm32cube.ide.mcu.externaltools.gnu-tools-for-stm32.11.3.rel1.linux64_1.1.100.202309141235/tools/bin/../lib/gcc/arm-none-eabi/11.3.1/../../../../arm-none-eabi/lib/thumb/v7e-m+fp/hard/libc_nano.a(libc_a-stdio.o)
                              /home/ritik/st/stm32cubeide_1.14.0/plugins/com.st.stm32cube.ide.mcu.externaltools.gnu-tools-for-stm32.11.3.rel1.linux64_1.1.100.202309141235/tools/bin/../lib/gcc/arm-none-eabi/11.3.1/../../../../arm-none-eabi/lib/thumb/v7e-m+fp/hard/libc_nano.a(libc_a-findfp.o) (__sread)
/home/ritik/st/stm32cubeide_1.14.0/plugins/com.st.stm32cube.ide.mcu.externaltools.gnu-tools-for-stm32.11.3.rel1.linux64_1.1.100.202309141235/tools/bin/../lib/gcc/arm-none-eabi/11.3.1/../../../../arm-none-eabi/lib/thumb/v7e-m+fp/hard/libc_nano.a(libc_a-memset.o)
                              /home/ritik/st/stm32cubeide_1.14.0/plugins/com.st.stm32cube.ide.mcu.externaltools.gnu-tools-for-stm32.11.3.rel1.linux64_1.1.100.202309141235/tools/bin/../lib/gcc/arm-none-eabi/11.3.1/../../../../arm-none-eabi/lib/thumb/v7e-m+fp/hard/crt0.o (memset)
/home/ritik/st/stm32cubeide_1.14.0/plugins/com.st.stm32cube.ide.mcu.externaltools.gnu-tools-for-stm32.11.3.rel1.linux64_1.1.100.202309141235/tools/bin/../lib/gcc/arm-none-eabi/11.3.1/../../../../arm-none-eabi/lib/thumb/v7e-m+fp/hard/libc_nano.a(libc_a-closer.o)
                              /home/ritik/st/stm32cubeide_1.14.0/plugins/com.st.stm32cube.ide.mcu.externaltools.gnu-tools-for-stm32.11.3.rel1.linux64_1.1.100.202309141235/tools/bin/../lib/gcc/arm-none-eabi/11.3.1/../../../../arm-none-eabi/lib/thumb/v7e-m+fp/hard/libc_nano.a(libc_a-stdio.o) (_close_r)
/home/ritik/st/stm32cubeide_1.14.0/plugins/com.st.stm32cube.ide.mcu.externaltools.gnu-tools-for-stm32.11.3.rel1.linux64_1.1.100.202309141235/tools/bin/../lib/gcc/arm-none-eabi/11.3.1/../../../../arm-none-eabi/lib/thumb/v7e-m+fp/hard/libc_nano.a(libc_a-reent.o)
                              /home/ritik/st/stm32cubeide_1.14.0/plugins/com.st.stm32cube.ide.mcu.externaltools.gnu-tools-for-stm32.11.3.rel1.linux64_1.1.100.202309141235/tools/bin/../lib/gcc/arm-none-eabi/11.3.1/../../../../arm-none-eabi/lib/thumb/v7e-m+fp/hard/libc_nano.a(libc_a-closer.o) (errno)
/home/ritik/st/stm32cubeide_1.14.0/plugins/com.st.stm32cube.ide.mcu.externaltools.gnu-tools-for-stm32.11.3.rel1.linux64_1.1.100.202309141235/tools/bin/../lib/gcc/arm-none-eabi/11.3.1/../../../../arm-none-eabi/lib/thumb/v7e-m+fp/hard/libc_nano.a(libc_a-impure.o)
                              /home/ritik/st/stm32cubeide_1.14.0/plugins/com.st.stm32cube.ide.mcu.externaltools.gnu-tools-for-stm32.11.3.rel1.linux64_1.1.100.202309141235/tools/bin/../lib/gcc/arm-none-eabi/11.3.1/../../../../arm-none-eabi/lib/thumb/v7e-m+fp/hard/libc_nano.a(libc_a-reent.o) (_impure_ptr)
/home/ritik/st/stm32cubeide_1.14.0/plugins/com.st.stm32cube.ide.mcu.externaltools.gnu-tools-for-stm32.11.3.rel1.linux64_1.1.100.202309141235/tools/bin/../lib/gcc/arm-none-eabi/11.3.1/../../../../arm-none-eabi/lib/thumb/v7e-m+fp/hard/libc_nano.a(libc_a-lseekr.o)
[...]
Memory Configuration

Name             Origin             Length             Attributes
CCMRAM           0x0000000010000000 0x0000000000010000 xrw
RAM              0x0000000020000000 0x0000000000020000 xrw
FLASH            0x0000000008000000 0x0000000000080000 xr
*default*        0x0000000000000000 0xffffffffffffffff

Linker script and memory map

LOAD /home/ritik/st/stm32cubeide_1.14.0/plugins/com.st.stm32cube.ide.mcu.externaltools.gnu-tools-for-stm32.11.3.rel1.linux64_1.1.100.202309141235/tools/bin/../lib/gcc/arm-none-eabi/11.3.1/thumb/v7e-m+fp/hard/crti.o
LOAD /home/ritik/st/stm32cubeide_1.14.0/plugins/com.st.stm32cube.ide.mcu.externaltools.gnu-tools-for-stm32.11.3.rel1.linux64_1.1.100.202309141235/tools/bin/../lib/gcc/arm-none-eabi/11.3.1/thumb/v7e-m+fp/hard/crtbegin.o
LOAD /home/ritik/st/stm32cubeide_1.14.0/plugins/com.st.stm32cube.ide.mcu.externaltools.gnu-tools-for-stm32.11.3.rel1.linux64_1.1.100.202309141235/tools/bin/../lib/gcc/arm-none-eabi/11.3.1/../../../../arm-none-eabi/lib/thumb/v7e-m+fp/hard/crt0.o
LOAD ./Src/main.o
LOAD ./Src/syscalls.o
LOAD ./Src/sysmem.o
LOAD ./Startup/startup_stm32f407vetx.o
LOAD ./drivers/Src/stm32f407xx_gpio_driver.o
LOAD ./drivers/Src/stm32f407xx_i2c_driver.o
LOAD ./drivers/Src/stm32f407xx_spi_driver.o
START GROUP
LOAD /home/ritik/st/stm32cubeide_1.14.0/plugins/com.st.stm32cube.ide.mcu.externaltools.gnu-tools-for-stm32.11.3.rel1.linux64_1.1.100.202309141235/tools/bin/../lib/gcc/arm-none-eabi/11.3.1/../../../../arm-none-eabi/lib/thumb/v7e-m+fp/hard/libc_nano.a
LOAD /home/ritik/st/stm32cubeide_1.14.0/plugins/com.st.stm32cube.ide.mcu.externaltools.gnu-tools-for-stm32.11.3.rel1.linux64_1.1.100.202309141235/tools/bin/../lib/gcc/arm-none-eabi/11.3.1/../../../../arm-none-eabi/lib/thumb/v7e-m+fp/hard/libm.a
END GROUP
START GROUP
LOAD /home/ritik/st/stm32cubeide_1.14.0/plugins/com.st.stm32cube.ide.mcu.externaltools.gnu-tools-for-stm32.11.3.rel1.linux64_1.1.100.202309141235/tools/bin/../lib/gcc/arm-none-eabi/11.3.1/thumb/v7e-m+fp/hard/libgcc.a
LOAD /home/ritik/st/stm32cubeide_1.14.0/plugins/com.st.stm32cube.ide.mcu.externaltools.gnu-tools-for-stm32.11.3.rel1.linux64_1.1.100.202309141235/tools/bin/../lib/gcc/arm-none-eabi/11.3.1/../../../../arm-none-eabi/lib/thumb/v7e-m+fp/hard/libc_nano.a
END GROUP
START GROUP
LOAD /home/ritik/st/stm32cubeide_1.14.0/plugins/com.st.stm32cube.ide.mcu.externaltools.gnu-tools-for-stm32.11.3.rel1.linux64_1.1.100.202309141235/tools/bin/../lib/gcc/arm-none-eabi/11.3.1/thumb/v7e-m+fp/hard/libgcc.a
LOAD /home/ritik/st/stm32cubeide_1.14.0/plugins/com.st.stm32cube.ide.mcu.externaltools.gnu-tools-for-stm32.11.3.rel1.linux64_1.1.100.202309141235/tools/bin/../lib/gcc/arm-none-eabi/11.3.1/../../../../arm-none-eabi/lib/thumb/v7e-m+fp/hard/libc_nano.a
LOAD /home/ritik/st/stm32cubeide_1.14.0/plugins/com.st.stm32cube.ide.mcu.externaltools.gnu-tools-for-stm32.11.3.rel1.linux64_1.1.100.202309141235/tools/bin/../lib/gcc/arm-none-eabi/11.3.1/../../../../arm-none-eabi/lib/thumb/v7e-m+fp/hard/libnosys.a
END GROUP
START GROUP
LOAD /home/ritik/st/stm32cubeide_1.14.0/plugins/com.st.stm32cube.ide.mcu.externaltools.gnu-tools-for-stm32.11.3.rel1.linux64_1.1.100.202309141235/tools/bin/../lib/gcc/arm-none-eabi/11.3.1/thumb/v7e-m+fp/hard/libgcc.a
LOAD /home/ritik/st/stm32cubeide_1.14.0/plugins/com.st.stm32cube.ide.mcu.externaltools.gnu-tools-for-stm32.11.3.rel1.linux64_1.1.100.202309141235/tools/bin/../lib/gcc/arm-none-eabi/11.3.1/../../../../arm-none-eabi/lib/thumb/v7e-m+fp/hard/libc_nano.a
LOAD /home/ritik/st/stm32cubeide_1.14.0/plugins/com.st.stm32cube.ide.mcu.externaltools.gnu-tools-for-stm32.11.3.rel1.linux64_1.1.100.202309141235/tools/bin/../lib/gcc/arm-none-eabi/11.3.1/../../../../arm-none-eabi/lib/thumb/v7e-m+fp/hard/libnosys.a
END GROUP
LOAD /home/ritik/st/stm32cubeide_1.14.0/plugins/com.st.stm32cube.ide.mcu.externaltools.gnu-tools-for-stm32.11.3.rel1.linux64_1.1.100.202309141235/tools/bin/../lib/gcc/arm-none-eabi/11.3.1/thumb/v7e-m+fp/hard/crtend.o
LOAD /home/ritik/st/stm32cubeide_1.14.0/plugins/com.st.stm32cube.ide.mcu.externaltools.gnu-tools-for-stm32.11.3.rel1.linux64_1.1.100.202309141235/tools/bin/../lib/gcc/arm-none-eabi/11.3.1/thumb/v7e-m+fp/hard/crtn.o
                0x0000000020020000                _estack = (ORIGIN (RAM) + LENGTH (RAM))
                0x0000000000000200                _Min_Heap_Size = 0x200
                0x0000000000000400                _Min_Stack_Size = 0x400

.isr_vector     0x0000000008000000      0x188
                0x0000000008000000                . = ALIGN (0x4)
 *(.isr_vector)
 .isr_vector    0x0000000008000000      0x188 ./Startup/startup_stm32f407vetx.o
                0x0000000008000000                g_pfnVectors
                0x0000000008000188                . = ALIGN (0x4)

.text           0x0000000008000188     0x108c
                0x0000000008000188                . = ALIGN (0x4)
 *(.text)
 .text          0x0000000008000188       0x40 /home/ritik/st/stm32cubeide_1.14.0/plugins/com.st.stm32cube.ide.mcu.externaltools.gnu-tools-for-stm32.11.3.rel1.linux64_1.1.100.202309141235/tools/bin/../lib/gcc/arm-none-eabi/11.3.1/thumb/v7e-m+fp/hard/crtbegin.o
 .text          0x00000000080001c8       0x10 /home/ritik/st/stm32cubeide_1.14.0/plugins/com.st.stm32cube.ide.mcu.externaltools.gnu-tools-for-stm32.11.3.rel1.linux64_1.1.100.202309141235/tools/bin/../lib/gcc/arm-none-eabi/11.3.1/../../../../arm-none-eabi/lib/thumb/v7e-m+fp/hard/libc_nano.a(libc_a-strlen.o)
                0x00000000080001c8                strlen
 *(.text*)
 .text.I2C1_GPIOInits
                0x00000000080001d8       0x44 ./Src/main.o
                0x00000000080001d8                I2C1_GPIOInits
 .text.I2C1_Inits
                0x000000000800021c       0x38 ./Src/main.o
                0x000000000800021c                I2C1_Inits
 .text.main     0x0000000008000254       0x3c ./Src/main.o
                0x0000000008000254                main
 .text.I2C1_EV_IRQHandler
                0x0000000008000290       0x14 ./Src/main.o
                0x0000000008000290                I2C1_EV_IRQHandler
 .text.I2C1_ER_IRQHandler
                0x00000000080002a4       0x14 ./Src/main.o
                0x00000000080002a4                I2C1_ER_IRQHandler
 .text.I2C_ApplicationEventCallback
                0x00000000080002b8       0x9c ./Src/main.o
                0x00000000080002b8                I2C_ApplicationEventCallback
 .text.Reset_Handler
                0x0000000008000354       0x50 ./Startup/startup_stm32f407vetx.o
                0x0000000008000354                Reset_Handler
 .text.Default_Handler
                0x00000000080003a4        0x2 ./Startup/startup_stm32f407vetx.o
                0x00000000080003a4                RTC_Alarm_IRQHandler
                0x00000000080003a4                HASH_RNG_IRQHandler
                0x00000000080003a4                EXTI2_IRQHandler
                0x00000000080003a4                TIM8_CC_IRQHandler
                0x00000000080003a4                DebugMon_Handler
                0x00000000080003a4                TIM1_CC_IRQHandler
                0x00000000080003a4                DMA2_Stream5_IRQHandler
                0x00000000080003a4                HardFault_Handler
                0x00000000080003a4                DMA1_Stream5_IRQHandler
                0x00000000080003a4                SysTick_Handler
                0x00000000080003a4                PVD_IRQHandler
                0x00000000080003a4                SDIO_IRQHandler
                0x00000000080003a4                TAMP_STAMP_IRQHandler
                0x00000000080003a4                PendSV_Handler
                0x00000000080003a4                NMI_Handler
                0x00000000080003a4                CAN2_RX1_IRQHandler
                0x00000000080003a4                EXTI3_IRQHandler
                0x00000000080003a4                TIM8_TRG_COM_TIM14_IRQHandler
                0x00000000080003a4                TIM1_UP_TIM10_IRQHandler
                0x00000000080003a4                TIM8_UP_TIM13_IRQHandler
                0x00000000080003a4                I2C3_ER_IRQHandler
                0x00000000080003a4                EXTI0_IRQHandler
                0x00000000080003a4                I2C2_EV_IRQHandler
                0x00000000080003a4                DMA1_Stream2_IRQHandler
                0x00000000080003a4                CAN1_RX0_IRQHandler
                0x00000000080003a4                FPU_IRQHandler
                0x00000000080003a4                OTG_HS_WKUP_IRQHandler
                0x00000000080003a4                UsageFault_Handler
                0x00000000080003a4                CAN2_SCE_IRQHandler
                0x00000000080003a4                DMA2_Stream2_IRQHandler
                0x00000000080003a4                SPI1_IRQHandler
                0x00000000080003a4                TIM6_DAC_IRQHandler
                0x00000000080003a4                TIM1_BRK_TIM9_IRQHandler
                0x00000000080003a4                DCMI_IRQHandler
                0x00000000080003a4                CAN2_RX0_IRQHandler
                0x00000000080003a4                DMA2_Stream3_IRQHandler
                0x00000000080003a4                USART6_IRQHandler
                0x00000000080003a4                USART3_IRQHandler
                0x00000000080003a4                CRYP_IRQHandler
                0x00000000080003a4                CAN1_RX1_IRQHandler
                0x00000000080003a4                UART5_IRQHandler
                0x00000000080003a4                DMA2_Stream0_IRQHandler
                0x00000000080003a4                TIM4_IRQHandler
                0x00000000080003a4                DMA1_Stream6_IRQHandler
                0x00000000080003a4                DMA1_Stream1_IRQHandler
                0x00000000080003a4                UART4_IRQHandler
                0x00000000080003a4                TIM3_IRQHandler
                0x00000000080003a4                RCC_IRQHandler
                0x00000000080003a4                TIM8_BRK_TIM12_IRQHandler
                0x00000000080003a4                Default_Handler
                0x00000000080003a4                EXTI15_10_IRQHandler
                0x00000000080003a4                ADC_IRQHandler
                0x00000000080003a4                DMA1_Stream7_IRQHandler
                0x00000000080003a4                TIM7_IRQHandler
                0x00000000080003a4                CAN2_TX_IRQHandler
                0x00000000080003a4                TIM5_IRQHandler
                0x00000000080003a4                DMA2_Stream7_IRQHandler
                0x00000000080003a4                I2C3_EV_IRQHandler
                0x00000000080003a4                EXTI9_5_IRQHandler
                0x00000000080003a4                RTC_WKUP_IRQHandler
                0x00000000080003a4                ETH_WKUP_IRQHandler
                0x00000000080003a4                SPI2_IRQHandler
                0x00000000080003a4                OTG_HS_EP1_IN_IRQHandler
                0x00000000080003a4                MemManage_Handler
                0x00000000080003a4                DMA1_Stream0_IRQHandler
                0x00000000080003a4                CAN1_TX_IRQHandler
                0x00000000080003a4                SVC_Handler
                0x00000000080003a4                EXTI4_IRQHandler
                0x00000000080003a4                FSMC_IRQHandler
                0x00000000080003a4                ETH_IRQHandler
                0x00000000080003a4                OTG_HS_EP1_OUT_IRQHandler
                0x00000000080003a4                WWDG_IRQHandler
                0x00000000080003a4                TIM2_IRQHandler
                0x00000000080003a4                OTG_FS_WKUP_IRQHandler
                0x00000000080003a4                TIM1_TRG_COM_TIM11_IRQHandler
                0x00000000080003a4                OTG_HS_IRQHandler
                0x00000000080003a4                EXTI1_IRQHandler
                0x00000000080003a4                USART2_IRQHandler
                0x00000000080003a4                I2C2_ER_IRQHandler
                0x00000000080003a4                DMA2_Stream1_IRQHandler
                0x00000000080003a4                CAN1_SCE_IRQHandler
                0x00000000080003a4                DMA2_Stream4_IRQHandler
                0x00000000080003a4                BusFault_Handler
                0x00000000080003a4                USART1_IRQHandler
                0x00000000080003a4                OTG_FS_IRQHandler
                0x00000000080003a4                SPI3_IRQHandler
                0x00000000080003a4                DMA1_Stream4_IRQHandler
                0x00000000080003a4                DMA2_Stream6_IRQHandler
                0x00000000080003a4                DMA1_Stream3_IRQHandler
 *fill*         0x00000000080003a6        0x2 
 .text.GPIO_PeriClockControl
                0x00000000080003a8      0x10c ./drivers/Src/stm32f407xx_gpio_driver.o
                0x00000000080003a8                GPIO_PeriClockControl
 .text.GPIO_Init
                0x00000000080004b4      0x338 ./drivers/Src/stm32f407xx_gpio_driver.o
                0x00000000080004b4                GPIO_Init
 .text.I2C_ExecuteAddressPhaseWrite
                0x00000000080007ec       0x2c ./drivers/Src/stm32f407xx_i2c_driver.o
 .text.I2C_ExecuteAddressPhaseRead
                0x0000000008000818       0x2c ./drivers/Src/stm32f407xx_i2c_driver.o
 .text.I2C_ClearADDRFlag
                0x0000000008000844       0x6e ./drivers/Src/stm32f407xx_i2c_driver.o
 .text.I2C_GenerateStopCondition
                0x00000000080008b2       0x2c ./drivers/Src/stm32f407xx_i2c_driver.o
                0x00000000080008b2                I2C_GenerateStopCondition
 .text.I2C_SlaveEnableDisableCallbackEvents
                0x00000000080008de       0x68 ./drivers/Src/stm32f407xx_i2c_driver.o
                0x00000000080008de                I2C_SlaveEnableDisableCallbackEvents
 .text.I2C_PeripheralControl
                0x0000000008000946       0x38 ./drivers/Src/stm32f407xx_i2c_driver.o
                0x0000000008000946                I2C_PeripheralControl
 *fill*         0x000000000800097e        0x2 
 .text.I2C_PeriClockControl
                0x0000000008000980       0x70 ./drivers/Src/stm32f407xx_i2c_driver.o
                0x0000000008000980                I2C_PeriClockControl
 .text.RCC_GetPCLK1Value
                0x00000000080009f0       0xa8 ./drivers/Src/stm32f407xx_i2c_driver.o
                0x00000000080009f0                RCC_GetPCLK1Value
 .text.I2C_Init
                0x0000000008000a98      0x164 ./drivers/Src/stm32f407xx_i2c_driver.o
                0x0000000008000a98                I2C_Init
 .text.I2C_ManageAcking
                0x0000000008000bfc       0x38 ./drivers/Src/stm32f407xx_i2c_driver.o
                0x0000000008000bfc                I2C_ManageAcking
 .text.I2C_IRQInterruptConfig
                0x0000000008000c34      0x10c ./drivers/Src/stm32f407xx_i2c_driver.o
                0x0000000008000c34                I2C_IRQInterruptConfig
 .text.I2C_MasterHandleTXEInterrupt
                0x0000000008000d40       0x3c ./drivers/Src/stm32f407xx_i2c_driver.o
 .text.I2C_MasterHandleRXNEInterrupt
                0x0000000008000d7c       0x98 ./drivers/Src/stm32f407xx_i2c_driver.o
 .text.I2C_CloseReceiveData
                0x0000000008000e14       0x5c ./drivers/Src/stm32f407xx_i2c_driver.o
                0x0000000008000e14                I2C_CloseReceiveData
 .text.I2C_CloseSendData
                0x0000000008000e70       0x46 ./drivers/Src/stm32f407xx_i2c_driver.o
                0x0000000008000e70                I2C_CloseSendData
 .text.I2C_SlaveSendData
                0x0000000008000eb6       0x1e ./drivers/Src/stm32f407xx_i2c_driver.o
                0x0000000008000eb6                I2C_SlaveSendData
 .text.I2C_SlaveReceiveData
                0x0000000008000ed4       0x1a ./drivers/Src/stm32f407xx_i2c_driver.o
                0x0000000008000ed4                I2C_SlaveReceiveData
 .text.I2C_EV_IRQHandling
                0x0000000008000eee      0x1b8 ./drivers/Src/stm32f407xx_i2c_driver.o
                0x0000000008000eee                I2C_EV_IRQHandling
 .text.I2C_ER_IRQHandling
                0x00000000080010a6      0x10c ./drivers/Src/stm32f407xx_i2c_driver.o
                0x00000000080010a6                I2C_ER_IRQHandling
 *fill*         0x00000000080011b2        0x2 
 .text.__libc_init_array
                0x00000000080011b4       0x48 /home/ritik/st/stm32cubeide_1.14.0/plugins/com.st.stm32cube.ide.mcu.externaltools.gnu-tools-for-stm32.11.3.rel1.linux64_1.1.100.202309141235/tools/bin/../lib/gcc/arm-none-eabi/11.3.1/../../../../arm-none-eabi/lib/thumb/v7e-m+fp/hard/libc_nano.a(libc_a-init.o)
                0x00000000080011b4                __libc_init_array
 *(.glue_7)
 .glue_7        0x00000000080011fc        0x0 linker stubs
 *(.glue_7t)
 .glue_7t       0x00000000080011fc        0x0 linker stubs
 *(.eh_frame)
 .eh_frame      0x00000000080011fc        0x0 /home/ritik/st/stm32cubeide_1.14.0/plugins/com.st.stm32cube.ide.mcu.externaltools.gnu-tools-for-stm32.11.3.rel1.linux64_1.1.100.202309141235/tools/bin/../lib/gcc/arm-none-eabi/11.3.1/thumb/v7e-m+fp/hard/crtbegin.o
 *(.init)
 .init          0x00000000080011fc        0x4 /home/ritik/st/stm32cubeide_1.14.0/plugins/com.st.stm32cube.ide.mcu.externaltools.gnu-tools-for-stm32.11.3.rel1.linux64_1.1.100.202309141235/tools/bin/../lib/gcc/arm-none-eabi/11.3.1/thumb/v7e-m+fp/hard/crti.o
                0x00000000080011fc                _init
 .init          0x0000000008001200        0x8 /home/ritik/st/stm32cubeide_1.14.0/plugins/com.st.stm32cube.ide.mcu.externaltools.gnu-tools-for-stm32.11.3.rel1.linux64_1.1.100.202309141235/tools/bin/../lib/gcc/arm-none-eabi/11.3.1/thumb/v7e-m+fp/hard/crtn.o
 *(.fini)
 .fini          0x0000000008001208        0x4 /home/ritik/st/stm32cubeide_1.14.0/plugins/com.st.stm32cube.ide.mcu.externaltools.gnu-tools-for-stm32.11.3.rel1.linux64_1.1.100.202309141235/tools/bin/../lib/gcc/arm-none-eabi/11.3.1/thumb/v7e-m+fp/hard/crti.o
                0x0000000008001208                _fini
 .fini          0x000000000800120c        0x8 /home/ritik/st/stm32cubeide_1.14.0/plugins/com.st.stm32cube.ide.mcu.externaltools.gnu-tools-for-stm32.11.3.rel1.linux64_1.1.100.202309141235/tools/bin/../lib/gcc/arm-none-eabi/11.3.1/thumb/v7e-m+fp/hard/crtn.o
                0x0000000008001214                . = ALIGN (0x4)
                0x0000000008001214                _etext = .

.vfp11_veneer   0x0000000008001214        0x0
 .vfp11_veneer  0x0000000008001214        0x0 linker stubs

.v4_bx          0x0000000008001214        0x0
 .v4_bx         0x0000000008001214        0x0 linker stubs

.iplt           0x0000000008001214        0x0
 .iplt          0x0000000008001214        0x0 /home/ritik/st/stm32cubeide_1.14.0/plugins/com.st.stm32cube.ide.mcu.externaltools.gnu-tools-for-stm32.11.3.rel1.linux64_1.1.100.202309141235/tools/bin/../lib/gcc/arm-none-eabi/11.3.1/thumb/v7e-m+fp/hard/crtbegin.o

.rel.dyn        0x0000000008001214        0x0
 .rel.iplt      0x0000000008001214        0x0 /home/ritik/st/stm32cubeide_1.14.0/plugins/com.st.stm32cube.ide.mcu.externaltools.gnu-tools-for-stm32.11.3.rel1.linux64_1.1.100.202309141235/tools/bin/../lib/gcc/arm-none-eabi/11.3.1/thumb/v7e-m+fp/hard/crtbegin.o

.rodata         0x0000000008001214        0x0
                0x0000000008001214                . = ALIGN (0x4)
 *(.rodata)
 *(.rodata*)
                0x0000000008001214                . = ALIGN (0x4)

.ARM.extab      0x0000000008001214        0x0
                0x0000000008001214                . = ALIGN (0x4)
 *(.ARM.extab* .gnu.linkonce.armextab.*)
                0x0000000008001214                . = ALIGN (0x4)

.ARM            0x0000000008001214        0x0
                0x0000000008001214                . = ALIGN (0x4)
                0x0000000008001214                __exidx_start = .
 *(.ARM.exidx*)
                0x0000000008001214                __exidx_end = .
                0x0000000008001214                . = ALIGN (0x4)

.preinit_array  0x0000000008001214        0x0
                0x0000000008001214                . = ALIGN (0x4)
                0x0000000008001214                PROVIDE (__preinit_array_start = .)
 *(.preinit_array*)
                0x0000000008001214                PROVIDE (__preinit_array_end = .)
                0x0000000008001214                . = ALIGN (0x4)

.init_array     0x0000000008001214        0x4
                0x0000000008001214                . = ALIGN (0x4)
                0x0000000008001214                PROVIDE (__init_array_start = .)
 *(SORT_BY_NAME(.init_array.*))
 *(.init_array*)
 .init_array    0x0000000008001214        0x4 /home/ritik/st/stm32cubeide_1.14.0/plugins/com.st.stm32cube.ide.mcu.externaltools.gnu-tools-for-stm32.11.3.rel1.linux64_1.1.100.202309141235/tools/bin/../lib/gcc/arm-none-eabi/11.3.1/thumb/v7e-m+fp/hard/crtbegin.o
                0x0000000008001218                PROVIDE (__init_array_end = .)
                0x0000000008001218                . = ALIGN (0x4)

.fini_array     0x0000000008001218        0x4
                0x0000000008001218                . = ALIGN (0x4)
                [!provide]                        PROVIDE (__fini_array_start = .)
 *(SORT_BY_NAME(.fini_array.*))
 *(.fini_array*)
 .fini_array    0x0000000008001218        0x4 /home/ritik/st/stm32cubeide_1.14.0/plugins/com.st.stm32cube.ide.mcu.externaltools.gnu-tools-for-stm32.11.3.rel1.linux64_1.1.100.202309141235/tools/bin/../lib/gcc/arm-none-eabi/11.3.1/thumb/v7e-m+fp/hard/crtbegin.o
                [!provide]                        PROVIDE (__fini_array_end = .)
                0x000000000800121c                . = ALIGN (0x4)
                0x000000000800121c                _sidata = LOADADDR (.data)

.data           0x0000000020000000       0x38 load address 0x000000000800121c
                0x0000000020000000                . = ALIGN (0x4)
                0x0000000020000000                _sdata = .
 *(.data)
 *(.data*)
 .data.Tx_buf   0x0000000020000000       0x20 ./Src/main.o
                0x0000000020000000                Tx_buf
 .data.AHB_PreScalar
                0x0000000020000020       0x10 ./drivers/Src/stm32f407xx_i2c_driver.o
                0x0000000020000020                AHB_PreScalar
 .data.APB_PreScalar
                0x0000000020000030        0x8 ./drivers/Src/stm32f407xx_i2c_driver.o
                0x0000000020000030                APB_PreScalar
 *(.RamFunc)
 *(.RamFunc*)
                0x0000000020000038                . = ALIGN (0x4)
                0x0000000020000038                _edata = .
                0x0000000008001254                _siccmram = LOADADDR (.ccmram)

.igot.plt       0x0000000020000038        0x0 load address 0x0000000008001254
 .igot.plt      0x0000000020000038        0x0 /home/ritik/st/stm32cubeide_1.14.0/plugins/com.st.stm32cube.ide.mcu.externaltools.gnu-tools-for-stm32.11.3.rel1.linux64_1.1.100.202309141235/tools/bin/../lib/gcc/arm-none-eabi/11.3.1/thumb/v7e-m+fp/hard/crtbegin.o

.ccmram         0x0000000010000000        0x0 load address 0x0000000008001254
                0x0000000010000000                . = ALIGN (0x4)
                0x0000000010000000                _sccmram = .
 *(.ccmram)
 *(.ccmram*)
                0x0000000010000000                . = ALIGN (0x4)
                0x0000000010000000                _eccmram = .
                0x0000000010000000                . = ALIGN (0x4)

.bss            0x0000000020000038       0x48
                0x0000000020000038                _sbss = .
                0x0000000020000038                __bss_start__ = _sbss
 *(.bss)
 .bss           0x0000000020000038       0x1c /home/ritik/st/stm32cubeide_1.14.0/plugins/com.st.stm32cube.ide.mcu.externaltools.gnu-tools-for-stm32.11.3.rel1.linux64_1.1.100.202309141235/tools/bin/../lib/gcc/arm-none-eabi/11.3.1/thumb/v7e-m+fp/hard/crtbegin.o
 *(.bss*)
 .bss.I2C1Handle
                0x0000000020000054       0x28 ./Src/main.o
                0x0000000020000054                I2C1Handle
 .bss.commandCode.1
                0x000000002000007c        0x1 ./Src/main.o
 .bss.Cnt.0     0x000000002000007d        0x1 ./Src/main.o
 *(COMMON)
                0x0000000020000080                . = ALIGN (0x4)
 *fill*         0x000000002000007e        0x2 
                0x0000000020000080                _ebss = .
                0x0000000020000080                __bss_end__ = _ebss

._user_heap_stack
                0x0000000020000080      0x600
                0x0000000020000080                . = ALIGN (0x8)
                [!provide]                        PROVIDE (end = .)
                0x0000000020000080                PROVIDE (_end = .)
                0x0000000020000280                . = (. + _Min_Heap_Size)
 *fill*         0x0000000020000080      0x200 
                0x0000000020000680                . = (. + _Min_Stack_Size)
 *fill*         0x0000000020000280      0x400 
                0x0000000020000680                . = ALIGN (0x8)

/DISCARD/
 libc.a(*)
 libm.a(*)
 libgcc.a(*)

.ARM.attributes
                0x0000000000000000       0x30
 *(.ARM.attributes)
 .ARM.attributes
                0x0000000000000000       0x1e /home/ritik/st/stm32cubeide_1.14.0/plugins/com.st.stm32cube.ide.mcu.externaltools.gnu-tools-for-stm32.11.3.rel1.linux64_1.1.100.202309141235/tools/bin/../lib/gcc/arm-none-eabi/11.3.1/thumb/v7e-m+fp/hard/crti.o
 .ARM.attributes
                0x000000000000001e       0x34 /home/ritik/st/stm32cubeide_1.14.0/plugins/com.st.stm32cube.ide.mcu.externaltools.gnu-tools-for-stm32.11.3.rel1.linux64_1.1.100.202309141235/tools/bin/../lib/gcc/arm-none-eabi/11.3.1/thumb/v7e-m+fp/hard/crtbegin.o
 .ARM.attributes
                0x0000000000000052       0x34 ./Src/main.o
 .ARM.attributes
                0x0000000000000086       0x21 ./Startup/startup_stm32f407vetx.o
 .ARM.attributes
                0x00000000000000a7       0x34 ./drivers/Src/stm32f407xx_gpio_driver.o
 .ARM.attributes
                0x00000000000000db       0x34 ./drivers/Src/stm32f407xx_i2c_driver.o
 .ARM.attributes
                0x000000000000010f       0x34 /home/ritik/st/stm32cubeide_1.14.0/plugins/com.st.stm32cube.ide.mcu.externaltools.gnu-tools-for-stm32.11.3.rel1.linux64_1.1.100.202309141235/tools/bin/../lib/gcc/arm-none-eabi/11.3.1/../../../../arm-none-eabi/lib/thumb/v7e-m+fp/hard/libc_nano.a(libc_a-init.o)
 .ARM.attributes
                0x0000000000000143       0x17 /home/ritik/st/stm32cubeide_1.14.0/plugins/com.st.stm32cube.ide.mcu.externaltools.gnu-tools-for-stm32.11.3.rel1.linux64_1.1.100.202309141235/tools/bin/../lib/gcc/arm-none-eabi/11.3.1/../../../../arm-none-eabi/lib/thumb/v7e-m+fp/hard/libc_nano.a(libc_a-strlen.o)
 .ARM.attributes
                0x000000000000015a       0x1e /home/ritik/st/stm32cubeide_1.14.0/plugins/com.st.stm32cube.ide.mcu.externaltools.gnu-tools-for-stm32.11.3.rel1.linux64_1.1.100.202309141235/tools/bin/../lib/gcc/arm-none-eabi/11.3.1/thumb/v7e-m+fp/hard/crtn.o
OUTPUT(Copy.elf elf32-littlearm)
LOAD linker stubs
LOAD /home/ritik/st/stm32cubeide_1.14.0/plugins/com.st.stm32cube.ide.mcu.externaltools.gnu-tools-for-stm32.11.3.rel1.linux64_1.1.100.202309141235/tools/bin/../lib/gcc/arm-none-eabi/11.3.1/../../../../arm-none-eabi/lib/thumb/v7e-m+fp/hard/libc.a
LOAD /home/ritik/st/stm32cubeide_1.14.0/plugins/com.st.stm32cube.ide.mcu.externaltools.gnu-tools-for-stm32.11.3.rel1.linux64_1.1.100.202309141235/tools/bin/../lib/gcc/arm-none-eabi/11.3.1/../../../../arm-none-eabi/lib/thumb/v7e-m+fp/hard/libm.a
LOAD /home/ritik/st/stm32cubeide_1.14.0/plugins/com.st.stm32cube.ide.mcu.externaltools.gnu-tools-for-stm32.11.3.rel1.linux64_1.1.100.202309141235/tools/bin/../lib/gcc/arm-none-eabi/11.3.1/thumb/v7e-m+fp/hard/libgcc.a

.comment        0x0000000000000000       0x43
 .comment       0x0000000000000000       0x43 /home/ritik/st/stm32cubeide_1.14.0/plugins/com.st.stm32cube.ide.mcu.externaltools.gnu-tools-for-stm32.11.3.rel1.linux64_1.1.100.202309141235/tools/bin/../lib/gcc/arm-none-eabi/11.3.1/thumb/v7e-m+fp/hard/crtbegin.o
                                         0x44 (size before relaxing)
 .comment       0x0000000000000043       0x44 ./Src/main.o
 .comment       0x0000000000000043       0x44 ./drivers/Src/stm32f407xx_gpio_driver.o
 .comment       0x0000000000000043       0x44 ./drivers/Src/stm32f407xx_i2c_driver.o

.debug_info     0x0000000000000000     0x184f
 .debug_info    0x0000000000000000      0x59f ./Src/main.o
 .debug_info    0x000000000000059f       0x23 ./Startup/startup_stm32f407vetx.o
 .debug_info    0x00000000000005c2      0x780 ./drivers/Src/stm32f407xx_gpio_driver.o
 .debug_info    0x0000000000000d42      0xb0d ./drivers/Src/stm32f407xx_i2c_driver.o

.debug_abbrev   0x0000000000000000      0x5a3
 .debug_abbrev  0x0000000000000000      0x18b ./Src/main.o
 .debug_abbrev  0x000000000000018b       0x12 ./Startup/startup_stm32f407vetx.o
 .debug_abbrev  0x000000000000019d      0x177 ./drivers/Src/stm32f407xx_gpio_driver.o
 .debug_abbrev  0x0000000000000314      0x28f ./drivers/Src/stm32f407xx_i2c_driver.o

.debug_aranges  0x0000000000000000      0x1e0
 .debug_aranges
                0x0000000000000000       0x58 ./Src/main.o
 .debug_aranges
                0x0000000000000058       0x28 ./Startup/startup_stm32f407vetx.o
 .debug_aranges
                0x0000000000000080       0x70 ./drivers/Src/stm32f407xx_gpio_driver.o
 .debug_aranges
                0x00000000000000f0       0xf0 ./drivers/Src/stm32f407xx_i2c_driver.o

.debug_rnglists
                0x0000000000000000      0x163
 .debug_rnglists
                0x0000000000000000       0x3e ./Src/main.o
 .debug_rnglists
                0x000000000000003e       0x19 ./Startup/startup_stm32f407vetx.o
 .debug_rnglists
                0x0000000000000057       0x53 ./drivers/Src/stm32f407xx_gpio_driver.o
 .debug_rnglists
                0x00000000000000aa       0xb9 ./drivers/Src/stm32f407xx_i2c_driver.o

.debug_macro    0x0000000000000000     0x2864
 .debug_macro   0x0000000000000000      0x1b1 ./Src/main.o
 .debug_macro   0x00000000000001b1      0xaae ./Src/main.o
 .debug_macro   0x0000000000000c5f       0x22 ./Src/main.o
 .debug_macro   0x0000000000000c81       0x5b ./Src/main.o
 .debug_macro   0x0000000000000cdc       0x2a ./Src/main.o
 .debug_macro   0x0000000000000d06       0x94 ./Src/main.o
 .debug_macro   0x0000000000000d9a       0x43 ./Src/main.o
 .debug_macro   0x0000000000000ddd       0x34 ./Src/main.o
 .debug_macro   0x0000000000000e11       0x16 ./Src/main.o
 .debug_macro   0x0000000000000e27       0x57 ./Src/main.o
 .debug_macro   0x0000000000000e7e       0x97 ./Src/main.o
 .debug_macro   0x0000000000000f15      0x369 ./Src/main.o
 .debug_macro   0x000000000000127e       0xfd ./Src/main.o
 .debug_macro   0x000000000000137b       0x10 ./Src/main.o
 .debug_macro   0x000000000000138b       0x16 ./Src/main.o
 .debug_macro   0x00000000000013a1       0x43 ./Src/main.o
 .debug_macro   0x00000000000013e4       0x34 ./Src/main.o
 .debug_macro   0x0000000000001418       0x10 ./Src/main.o
 .debug_macro   0x0000000000001428       0x58 ./Src/main.o
 .debug_macro   0x0000000000001480       0x8e ./Src/main.o
 .debug_macro   0x000000000000150e       0x1c ./Src/main.o
 .debug_macro   0x000000000000152a      0x177 ./Src/main.o
 .debug_macro   0x00000000000016a1       0x16 ./Src/main.o
 .debug_macro   0x00000000000016b7       0x16 ./Src/main.o
 .debug_macro   0x00000000000016cd      0x147 ./Src/main.o
 .debug_macro   0x0000000000001814       0x16 ./Src/main.o
 .debug_macro   0x000000000000182a       0x35 ./Src/main.o
 .debug_macro   0x000000000000185f       0x20 ./Src/main.o
 .debug_macro   0x000000000000187f      0x103 ./Src/main.o
 .debug_macro   0x0000000000001982       0x6a ./Src/main.o
 .debug_macro   0x00000000000019ec      0x1df ./Src/main.o
 .debug_macro   0x0000000000001bcb      0x674 ./Src/main.o
 .debug_macro   0x000000000000223f       0xc4 ./Src/main.o
 .debug_macro   0x0000000000002303       0xc4 ./Src/main.o
 .debug_macro   0x00000000000023c7       0xd6 ./Src/main.o
 .debug_macro   0x000000000000249d       0xad ./drivers/Src/stm32f407xx_gpio_driver.o
 .debug_macro   0x000000000000254a       0x8e ./drivers/Src/stm32f407xx_gpio_driver.o
 .debug_macro   0x00000000000025d8       0x51 ./drivers/Src/stm32f407xx_gpio_driver.o
 .debug_macro   0x0000000000002629       0xbe ./drivers/Src/stm32f407xx_gpio_driver.o
 .debug_macro   0x00000000000026e7       0xad ./drivers/Src/stm32f407xx_i2c_driver.o
 .debug_macro   0x0000000000002794       0xd0 ./drivers/Src/stm32f407xx_i2c_driver.o

.debug_line     0x0000000000000000     0x1d96
 .debug_line    0x0000000000000000      0x6d3 ./Src/main.o
 .debug_line    0x00000000000006d3       0x7b ./Startup/startup_stm32f407vetx.o
 .debug_line    0x000000000000074e      0x93f ./drivers/Src/stm32f407xx_gpio_driver.o
 .debug_line    0x000000000000108d      0xd09 ./drivers/Src/stm32f407xx_i2c_driver.o

.debug_str      0x0000000000000000     0xa1d4
 .debug_str     0x0000000000000000     0x9c92 ./Src/main.o
                                       0x9e9f (size before relaxing)
 .debug_str     0x0000000000009c92       0x2f ./Startup/startup_stm32f407vetx.o
                                         0x64 (size before relaxing)
 .debug_str     0x0000000000009cc1      0x2c6 ./drivers/Src/stm32f407xx_gpio_driver.o
                                       0x6746 (size before relaxing)
 .debug_str     0x0000000000009f87      0x24d ./drivers/Src/stm32f407xx_i2c_driver.o
                                       0x68ff (size before relaxing)

.debug_frame    0x0000000000000000      0x72c
 .debug_frame   0x0000000000000000      0x118 ./Src/main.o
 .debug_frame   0x0000000000000118      0x1c8 ./drivers/Src/stm32f407xx_gpio_driver.o
 .debug_frame   0x00000000000002e0      0x420 ./drivers/Src/stm32f407xx_i2c_driver.o
 .debug_frame   0x0000000000000700       0x2c /home/ritik/st/stm32cubeide_1.14.0/plugins/com.st.stm32cube.ide.mcu.externaltools.gnu-tools-for-stm32.11.3.rel1.linux64_1.1.100.202309141235/tools/bin/../lib/gcc/arm-none-eabi/11.3.1/../../../../arm-none-eabi/lib/thumb/v7e-m+fp/hard/libc_nano.a(libc_a-init.o)

.debug_line_str
                0x0000000000000000       0x58
 .debug_line_str
                0x0000000000000000       0x58 ./Startup/startup_stm32f407vetx.o
                                         0x70 (size before relaxing)
