../Src/main.c:62:5:main	8	static
../Src/main.c:78:6:exception_handling	16	static
../Src/main.c:85:29:init_sheduler_stack	0	static,ignoring_inline_asm
../Src/main.c:90:10:get_psp_value	4	static
../Src/main.c:94:6:save_psp_value	16	static
../Src/main.c:98:6:update_current_value	16	static
../Src/main.c:113:6:schedule	16	static
../Src/main.c:118:6:task_delay	16	static,ignoring_inline_asm
../Src/main.c:131:29:switch_sp_to_psp	0	static,ignoring_inline_asm
../Src/main.c:147:6:systick_init	32	static
../Src/main.c:163:6:init_tasks_stack	24	static
../Src/main.c:204:6:idle_task	4	static
../Src/main.c:209:6:task1_handler	8	static
../Src/main.c:218:6:task2_handler	8	static
../Src/main.c:227:6:task3_handler	8	static
../Src/main.c:236:6:task4_handler	8	static
../Src/main.c:245:29:PendSV_Handler	0	static,ignoring_inline_asm
../Src/main.c:258:6:update_g_tick_count	4	static
../Src/main.c:262:6:unblock_tasks	16	static
../Src/main.c:272:6:SysTick_Handler	16	static
