../drivers/Src/stm32f407_I2C_drivers.c:10:16:I2C_GetflagStatus	16	static
../drivers/Src/stm32f407_I2C_drivers.c:17:13:I2C_ExecuteAddressPhaseWrite	16	static
../drivers/Src/stm32f407_I2C_drivers.c:23:13:I2C_ExecuteAddressPhaseRead	16	static
../drivers/Src/stm32f407_I2C_drivers.c:29:13:I2CGenerateStartCondition	16	static
../drivers/Src/stm32f407_I2C_drivers.c:33:6:I2CGenerateStopCondition	16	static
../drivers/Src/stm32f407_I2C_drivers.c:38:6:I2C_SlaveSendData	16	static
../drivers/Src/stm32f407_I2C_drivers.c:43:9:I2C_SlaveReceiveData	16	static
../drivers/Src/stm32f407_I2C_drivers.c:50:13:I2C_ClearADDRFLAG	24	static
../drivers/Src/stm32f407_I2C_drivers.c:73:6:I2C_CloseSendData	16	static
../drivers/Src/stm32f407_I2C_drivers.c:83:6:I2C_CloseRecieveData	16	static
../drivers/Src/stm32f407_I2C_drivers.c:98:6:Manage_Acking	16	static
../drivers/Src/stm32f407_I2C_drivers.c:107:6:I2C_PeriClockControl	16	static
../drivers/Src/stm32f407_I2C_drivers.c:129:6:I2C_init	24	static
../drivers/Src/stm32f407_I2C_drivers.c:171:6:I2C_deinit	16	static
../drivers/Src/stm32f407_I2C_drivers.c:184:6:I2C_SendData	24	static
../drivers/Src/stm32f407_I2C_drivers.c:212:6:I2C_RecieveData	24	static
../drivers/Src/stm32f407_I2C_drivers.c:267:6:I2C_IRQConfig	16	static
../drivers/Src/stm32f407_I2C_drivers.c:291:6:I2C_IRQ_Set_Priority	24	static
../drivers/Src/stm32f407_I2C_drivers.c:298:9:I2C_getFlag_Status	16	static
../drivers/Src/stm32f407_I2C_drivers.c:302:6:I2C_Enable	16	static
../drivers/Src/stm32f407_I2C_drivers.c:311:9:I2C_SendDataIT	32	static
../drivers/Src/stm32f407_I2C_drivers.c:332:9:I2C_RecieveDataIT	32	static
../drivers/Src/stm32f407_I2C_drivers.c:356:6:I2C_EV_IRQHandling	32	static
../drivers/Src/stm32f407_I2C_drivers.c:463:6:I2C_ERR_IRQHandling	24	static
../drivers/Src/stm32f407_I2C_drivers.c:536:6:I2C_SlaveEnableDisable_IT_Bits	16	static
../drivers/Src/stm32f407_I2C_drivers.c:554:13:I2C_ApplicationCallBack	16	static
