../drivers/Src/stm32f407_USART_drivers.c:10:13:Clear_OVR_IDLE_FLAG	24	static
../drivers/Src/stm32f407_USART_drivers.c:16:6:USART_PeriClockControl	16	static
../drivers/Src/stm32f407_USART_drivers.c:54:6:USART_PeripheralControl	16	static
../drivers/Src/stm32f407_USART_drivers.c:62:9:USART_GetFlagStatus	16	static
../drivers/Src/stm32f407_USART_drivers.c:70:6:USART_ClearFlag	16	static
../drivers/Src/stm32f407_USART_drivers.c:75:6:USART_Init	24	static
../drivers/Src/stm32f407_USART_drivers.c:171:6:USART_deinit	16	static
../drivers/Src/stm32f407_USART_drivers.c:198:6:USART_SetBaudRate	40	static
../drivers/Src/stm32f407_USART_drivers.c:262:6:USART_SendData	32	static
../drivers/Src/stm32f407_USART_drivers.c:310:6:USART_ReceiveData	32	static
../drivers/Src/stm32f407_USART_drivers.c:374:9:USART_SendDataIT	32	static
../drivers/Src/stm32f407_USART_drivers.c:398:9:USART_ReceiveDataIT	32	static
../drivers/Src/stm32f407_USART_drivers.c:420:6:USART_IRQInterruptConfig	16	static
../drivers/Src/stm32f407_USART_drivers.c:445:6:USART_IRQPriorityConfig	24	static
../drivers/Src/stm32f407_USART_drivers.c:452:6:USART_IRQHandling	24	static
../drivers/Src/stm32f407_USART_drivers.c:615:13:USART_EventCallBack	16	static
