01:24:51 **** Incremental Build of configuration Debug for project Assembly_line ****
make -j12 all 
arm-none-eabi-gcc "../Src/main.c" -mcpu=cortex-m4 -std=gnu11 -g3 -DDEBUG -DSTM32 -DSTM32F4 -DSTM32F407VETx -c -I../Inc -O0 -ffunction-sections -fdata-sections -Wall -fstack-usage -fcyclomatic-complexity -MMD -MP -MF"Src/main.d" -MT"Src/main.o" --specs=nano.specs -mfpu=fpv4-sp-d16 -mfloat-abi=hard -mthumb -o "Src/main.o"
arm-none-eabi-gcc -o "Assembly_line.elf" @"objects.list"   -mcpu=cortex-m4 -T"/home/ritik/STM32CubeIDE/workspace_1.14.0/Assembly_line/STM32F407VETX_FLASH.ld" --specs=nosys.specs -Wl,-Map="Assembly_line.map" -Wl,--gc-sections -static --specs=nano.specs -mfpu=fpv4-sp-d16 -mfloat-abi=hard -mthumb -Wl,--start-group -lc -lm -Wl,--end-group
Finished building target: Assembly_line.elf
 
arm-none-eabi-size  Assembly_line.elf 
arm-none-eabi-objdump -h -S Assembly_line.elf  > "Assembly_line.list"
   text	   data	    bss	    dec	    hex	filename
    644	      8	   1568	   2220	    8ac	Assembly_line.elf
Finished building: default.size.stdout
 
Finished building: Assembly_line.list
 

01:24:51 Build Finished. 0 errors, 0 warnings. (took 221ms)

